[wisdmlabs.com/wordpress-website-development/index.html]
[backblue.gif]
[fade.gif]
[index.html]
[wisdmlabs.com/wordpress-website-development/window.location.href]
[wisdmlabs.com/wordpress-website-development/t.target.href,e]
[wisdmlabs.com/wordpress-website-development/e,baseURI]
[wisdmlabs.com/wordpress-website-development/GET]
[cdn-lddoh.nitrocdn.com/mzwcbgWUUJeAuIQYlKRVpwFNsnSUSBWn/assets/images/optimized/rev-63d1dc1/wisdmlabs.com/wp-content/uploads/2023/12/wsd-lms-header-bg-3-1.jpg]
[cdn-lddoh.nitrocdn.com/mzwcbgWUUJeAuIQYlKRVpwFNsnSUSBWn/assets/images/optimized/rev-63d1dc1/wisdmlabs.com/wp-content/uploads/2023/12/circle-Header-Pattern-1.png]
[cdn-lddoh.nitrocdn.com/mzwcbgWUUJeAuIQYlKRVpwFNsnSUSBWn/assets/images/optimized/rev-63d1dc1/wisdmlabs.com/wp-content/uploads/2023/12/wd-red-quote-3.png]
[cdn-lddoh.nitrocdn.com/mzwcbgWUUJeAuIQYlKRVpwFNsnSUSBWn/assets/images/optimized/rev-63d1dc1/wisdmlabs.com/wp-content/uploads/2023/12/Recommended-by-section-2.png]
[cdn-lddoh.nitrocdn.com/mzwcbgWUUJeAuIQYlKRVpwFNsnSUSBWn/assets/images/optimized/rev-63d1dc1/wisdmlabs.com/wp-content/uploads/2023/12/testimonial-sec-bg-img-1.png]
[wisdmlabs.com/wordpress-website-development/Edge/index.html]
[cdn-lddoh.nitrocdn.com/mzwcbgWUUJeAuIQYlKRVpwFNsnSUSBWn/assets/images/optimized/rev-63d1dc1/wisdmlabs.com/wp-content/uploads/2023/12/Testimonial-pattern-1.png]
[cdn-lddoh.nitrocdn.com/mzwcbgWUUJeAuIQYlKRVpwFNsnSUSBWn/assets/images/optimized/rev-63d1dc1/wisdmlabs.com/wp-content/uploads/2023/12/Union-1.png]
[cdn-lddoh.nitrocdn.com/mzwcbgWUUJeAuIQYlKRVpwFNsnSUSBWn/assets/images/optimized/rev-63d1dc1/wisdmlabs.com/wp-content/uploads/2023/12/Testimonial-pattern-1-1.png]
[cdn-lddoh.nitrocdn.com/mzwcbgWUUJeAuIQYlKRVpwFNsnSUSBWn/assets/images/optimized/rev-63d1dc1/wisdmlabs.com/wp-content/uploads/2023/12/form-right-side-pattern-1.png]
[cdn-lddoh.nitrocdn.com/mzwcbgWUUJeAuIQYlKRVpwFNsnSUSBWn/assets/images/optimized/rev-63d1dc1/wisdmlabs.com/wp-content/uploads/2023/12/Hire-the-best-1.png]
[cdn-lddoh.nitrocdn.com/mzwcbgWUUJeAuIQYlKRVpwFNsnSUSBWn/assets/images/optimized/rev-63d1dc1/wisdmlabs.com/wp-content/uploads/2023/12/Testimonial-pattern-1-300x117.png]
[cdn-lddoh.nitrocdn.com/mzwcbgWUUJeAuIQYlKRVpwFNsnSUSBWn/assets/images/optimized/rev-63d1dc1/wisdmlabs.com/wp-content/uploads/2024/03/grey-patch-image.png]
[cdn.stat-track.com/statics/moosend-tracking.min.js]
[static.ads-twitter.com/uwt.js]
[wisdmlabs.com/wp-content/plugins/wdm-cf7-customization/js/wdm-custom-gtm.js]
[wisdmlabs.com/wordpress-website-development/t.15.delayed]
[cdn-lddoh.nitrocdn.com/mzwcbgWUUJeAuIQYlKRVpwFNsnSUSBWn/assets/static/optimized/rev-3f44323/wisdmlabs.com/externalFontFace/nitro-min-noimport-1709dc9a3a06d022c532d3c6d968d902-stylesheet.css]
[wisdmlabs.com/wordpress-website-development/POST]
[cdn-lddoh.nitrocdn.com/mzwcbgWUUJeAuIQYlKRVpwFNsnSUSBWn/assets/static/optimized/rev-3f44323/wisdmlabs.com/wp-includes/js/jquery/nitro-min-f43b551b749a36845288913120943cc6.jquery.min.js]
[cdn-lddoh.nitrocdn.com/mzwcbgWUUJeAuIQYlKRVpwFNsnSUSBWn/assets/static/optimized/rev-3f44323/wisdmlabs.com/wp-includes/js/jquery/nitro-min-558973c0fd98109493258c8470e94016.jquery-migrate.min.js]
[cdn-lddoh.nitrocdn.com/mzwcbgWUUJeAuIQYlKRVpwFNsnSUSBWn/assets/static/optimized/rev-3f44323/wisdmlabs.com/wp-content/plugins/ga4-ecommerce-funnel-tracking/public/js/nitro-min-8a5471f88ca9c58e18cea05ebc9fe2]
[cdn-lddoh.nitrocdn.com/mzwcbgWUUJeAuIQYlKRVpwFNsnSUSBWn/assets/static/optimized/rev-3f44323/wisdmlabs.com/wp-content/plugins/wdm-course-review/includes/assets/js/nitro-min-84fc16ae949f8c970a4e3a9f63535c23]
[cdn-lddoh.nitrocdn.com/mzwcbgWUUJeAuIQYlKRVpwFNsnSUSBWn/assets/static/optimized/rev-3f44323/wisdmlabs.com/wp-content/plugins/wdm-course-review/includes/assets/js/nitro-min-84fc16ae949f8c970a4e3a9f63535c23-2]
[cdn-lddoh.nitrocdn.com/mzwcbgWUUJeAuIQYlKRVpwFNsnSUSBWn/assets/static/optimized/rev-3f44323/code.jquery.com/nitro-min-jquery-3.6.0.min.js]
[cdn-lddoh.nitrocdn.com/mzwcbgWUUJeAuIQYlKRVpwFNsnSUSBWn/assets/static/optimized/rev-3f44323/code.jquery.com/nitro-min-jquery-3.6.0.js]
[cdn-lddoh.nitrocdn.com/mzwcbgWUUJeAuIQYlKRVpwFNsnSUSBWn/assets/static/optimized/rev-3f44323/wisdmlabs.com/wp-content/plugins/honeypot/includes/js/nitro-min-202bdf6d3ea1f4014a0ffd1b0dab2161.wpa.js]
[cdn-lddoh.nitrocdn.com/mzwcbgWUUJeAuIQYlKRVpwFNsnSUSBWn/assets/static/optimized/rev-3f44323/wisdmlabs.com/wp-content/plugins/ga4-ecommerce-funnel-tracking/public/js/nitro-min-8a5471f88ca9c58e18cea05ebc9fe2-2]
[www.google.com/recaptcha/apicf29.js]
[cdn-lddoh.nitrocdn.com/mzwcbgWUUJeAuIQYlKRVpwFNsnSUSBWn/assets/static/optimized/rev-3f44323/wisdmlabs.com/wp-content/plugins/elementor/assets/lib/font-awesome/js/nitro-min-34a7bda437a8425fc70cf94c6ba4eca9]
[cdn-lddoh.nitrocdn.com/mzwcbgWUUJeAuIQYlKRVpwFNsnSUSBWn/assets/static/optimized/rev-3f44323/wisdmlabs.com/wp-includes/js/dist/vendor/nitro-min-2c7cef87d91a8c32817cef0915f9141b.wp-polyfill.min.js]
[cdn-lddoh.nitrocdn.com/mzwcbgWUUJeAuIQYlKRVpwFNsnSUSBWn/assets/static/optimized/rev-3f44323/wisdmlabs.com/wp-includes/js/nitro-min-bb9380835a1e1ed6a189fce7cbb36d11.imagesloaded.min.js]
[cdn-lddoh.nitrocdn.com/mzwcbgWUUJeAuIQYlKRVpwFNsnSUSBWn/assets/static/optimized/rev-3f44323/wisdmlabs.com/wp-content/plugins/wdm-course-review/includes/star-rating-lib/js/nitro-min-001e721d7105a026d2e5b2c6]
[cdn-lddoh.nitrocdn.com/mzwcbgWUUJeAuIQYlKRVpwFNsnSUSBWn/assets/static/optimized/rev-3f44323/wisdmlabs.com/wp-includes/js/dist/nitro-min-2ebd25f3981adcd89e647172a1634381.hooks.min.js]
[cdn-lddoh.nitrocdn.com/mzwcbgWUUJeAuIQYlKRVpwFNsnSUSBWn/assets/static/optimized/rev-3f44323/wisdmlabs.com/wp-includes/js/dist/nitro-min-f92fe2242090a4dd3a1e008a3309488c.i18n.min.js]
[cdn-lddoh.nitrocdn.com/mzwcbgWUUJeAuIQYlKRVpwFNsnSUSBWn/assets/static/optimized/rev-3f44323/wisdmlabs.com/wp-includes/js/jquery/ui/nitro-min-3f14e9ae88f0336c658774ab6b2e8d39.core.min.js]
[cdn-lddoh.nitrocdn.com/mzwcbgWUUJeAuIQYlKRVpwFNsnSUSBWn/assets/static/optimized/rev-3f44323/wisdmlabs.com/combinedCss/nitro-min-noimport-70b9d2e3d8bc0873b605e7e9f41416e4-stylesheet.css]
[cdn-lddoh.nitrocdn.com/mzwcbgWUUJeAuIQYlKRVpwFNsnSUSBWn/assets/static/optimized/rev-3f44323/wisdmlabs.com/wp-content/plugins/wdm-course-review/includes/star-rating-lib/js/nitro-min-001e721d7105a026d2e5b2c6-2]
[cdn-lddoh.nitrocdn.com/mzwcbgWUUJeAuIQYlKRVpwFNsnSUSBWn/assets/static/optimized/rev-3f44323/wisdmlabs.com/wp-content/plugins/contact-form-7/includes/swv/js/nitro-min-38d6af99674cf3cf18bd85fd1634f6f2.index]
[cdn-lddoh.nitrocdn.com/mzwcbgWUUJeAuIQYlKRVpwFNsnSUSBWn/assets/static/optimized/rev-3f44323/wisdmlabs.com/combinedCss/nitro-min-noimport-9277c4e2c8351e4d36db3a60a3e8c24b-stylesheet.css]
[cdn-lddoh.nitrocdn.com/mzwcbgWUUJeAuIQYlKRVpwFNsnSUSBWn/assets/static/optimized/rev-3f44323/wisdmlabs.com/combinedCss/nitro-min-noimport-8a5e3eee36f6991f0ef574c2b9b45fa9-stylesheet.css]
[cdn-lddoh.nitrocdn.com/mzwcbgWUUJeAuIQYlKRVpwFNsnSUSBWn/assets/static/optimized/rev-3f44323/wisdmlabs.com/combinedCss/nitro-min-noimport-43911d4d8d93b3219db4cc9523bf6216-stylesheet.css]
[cdn-lddoh.nitrocdn.com/mzwcbgWUUJeAuIQYlKRVpwFNsnSUSBWn/assets/static/optimized/rev-3f44323/wisdmlabs.com/combinedCss/nitro-min-noimport-4e66ac83546a52b7c7573802c4608e0a-stylesheet.css]
[cdn-lddoh.nitrocdn.com/mzwcbgWUUJeAuIQYlKRVpwFNsnSUSBWn/assets/static/optimized/rev-3f44323/wisdmlabs.com/wp-content/plugins/contact-form-7/includes/js/nitro-min-38d6af99674cf3cf18bd85fd1634f6f2.index.24.d]
[cdn-lddoh.nitrocdn.com/mzwcbgWUUJeAuIQYlKRVpwFNsnSUSBWn/assets/static/optimized/rev-3f44323/wisdmlabs.com/combinedCss/nitro-min-noimport-561265e4be34f3d91127f3874ca79999-stylesheet.css]
[cdn-lddoh.nitrocdn.com/mzwcbgWUUJeAuIQYlKRVpwFNsnSUSBWn/assets/static/optimized/rev-3f44323/wisdmlabs.com/wp-content/plugins/country-phone-field-contact-form-7/assets/js/nitro-min-84fc16ae949f8c970a4e3a9f6]
[cdn-lddoh.nitrocdn.com/mzwcbgWUUJeAuIQYlKRVpwFNsnSUSBWn/assets/static/optimized/rev-3f44323/wisdmlabs.com/combinedCss/nitro-min-noimport-f2e5f225618d58bb227f5632f7d118bf-stylesheet.css]
[wisdmlabs.com/wordpress-website-development/index.html]
[cdn-lddoh.nitrocdn.com/mzwcbgWUUJeAuIQYlKRVpwFNsnSUSBWn/assets/static/optimized/rev-3f44323/wisdmlabs.com/combinedCss/nitro-min-noimport-a2c87e7690435307b5fc0f4ecaf9b2c3-stylesheet.css]
[wisdmlabs.com/wordpress-website-development/window.location.html]
[cdn-lddoh.nitrocdn.com/mzwcbgWUUJeAuIQYlKRVpwFNsnSUSBWn/assets/static/optimized/rev-3f44323/wisdmlabs.com/wp-content/plugins/country-phone-field-contact-form-7/assets/js/nitro-min-84fc16ae949f8c970a4e3a9f6-2]
[cdn-lddoh.nitrocdn.com/mzwcbgWUUJeAuIQYlKRVpwFNsnSUSBWn/assets/static/optimized/rev-3f44323/wisdmlabs.com/wp-content/plugins/wdm-cf7-customization/js/nitro-min-8a5471f88ca9c58e18cea05ebc9fe21a.wdm-custom.2]
[wisdmlabs.com/wordpress-website-development/t.target.html]
[cdn-lddoh.nitrocdn.com/mzwcbgWUUJeAuIQYlKRVpwFNsnSUSBWn/assets/static/optimized/rev-3f44323/wisdmlabs.com/wp-content/plugins/wpcf7-redirect/build/js/nitro-min-496322109b97be11339e0beddbac43d9.wpcf7r-fe.29]
[wisdmlabs.com/wordpress-website-development/e,baseURI.html]
[cdn-lddoh.nitrocdn.com/mzwcbgWUUJeAuIQYlKRVpwFNsnSUSBWn/assets/static/optimized/rev-3f44323/wisdmlabs.com/wp-content/themes/hello-elementor/assets/js/nitro-min-8a5471f88ca9c58e18cea05ebc9fe21a.hello-fronte]
[wisdmlabs.com/wordpress-website-development/GET.html]
[cdn-lddoh.nitrocdn.com/mzwcbgWUUJeAuIQYlKRVpwFNsnSUSBWn/assets/static/optimized/rev-3f44323/wisdmlabs.com/wp-includes/js/dist/vendor/nitro-min-0226f3282db3ce4373a7476e57648ff4.wp-polyfill-inert.min.2d.dela]
[wisdmlabs.com/wordpress-website-development/Edge/index.html]
[cdn-lddoh.nitrocdn.com/mzwcbgWUUJeAuIQYlKRVpwFNsnSUSBWn/assets/static/optimized/rev-3f44323/wisdmlabs.com/wp-content/plugins/cf7-conditional-fields/js/nitro-min-35759993177e9650ecdc7453705e8b25.scripts.2b]
[www.googletagmanager.com/gtm5445.html]
[cdn-lddoh.nitrocdn.com/mzwcbgWUUJeAuIQYlKRVpwFNsnSUSBWn/assets/static/optimized/rev-3f44323/wisdmlabs.com/wp-includes/js/dist/vendor/nitro-min-6c851c624cffd2a57d48dd6f4c743dfb.regenerator-runtime.min.2e.de]
[wisdmlabs.com/wordpress-website-development/t.html]
[cdn-lddoh.nitrocdn.com/mzwcbgWUUJeAuIQYlKRVpwFNsnSUSBWn/assets/static/optimized/rev-3f44323/wisdmlabs.com/wp-content/plugins/contact-form-7/modules/recaptcha/nitro-min-38d6af99674cf3cf18bd85fd1634f6f2.inde]
[cdn-lddoh.nitrocdn.com/mzwcbgWUUJeAuIQYlKRVpwFNsnSUSBWn/assets/static/optimized/rev-3f44323/wisdmlabs.com/externalFontFace/nitro-min-noimport-1709dc9a3a06d022c532d3c6d968d902-stylesheet.css]
[cdn-lddoh.nitrocdn.com/mzwcbgWUUJeAuIQYlKRVpwFNsnSUSBWn/assets/static/optimized/rev-3f44323/wisdmlabs.com/wp-content/plugins/elementor-pro/assets/lib/smartmenus/nitro-min-157612113ce533659b235a200c97c899.j]
[cdn-lddoh.nitrocdn.com/mzwcbgWUUJeAuIQYlKRVpwFNsnSUSBWn/assets/static/optimized/rev-3f44323/wisdmlabs.com/wp-content/plugins/elementor-pro/assets/js/nitro-min-34a7bda437a8425fc70cf94c6ba4eca9.webpack-pro.r]
[wisdmlabs.com/wordpress-website-development/POST.html]
[cdn-lddoh.nitrocdn.com/mzwcbgWUUJeAuIQYlKRVpwFNsnSUSBWn/assets/static/optimized/rev-3f44323/wisdmlabs.com/wp-content/plugins/elementor/assets/js/nitro-min-34a7bda437a8425fc70cf94c6ba4eca9.webpack.runtime.m]
[cdn-lddoh.nitrocdn.com/mzwcbgWUUJeAuIQYlKRVpwFNsnSUSBWn/assets/static/optimized/rev-3f44323/wisdmlabs.com/wp-content/plugins/elementor-pro/assets/js/nitro-min-34a7bda437a8425fc70cf94c6ba4eca9.frontend.min]
[cdn-lddoh.nitrocdn.com/mzwcbgWUUJeAuIQYlKRVpwFNsnSUSBWn/assets/static/optimized/rev-3f44323/wisdmlabs.com/wp-content/plugins/elementor/assets/lib/waypoints/nitro-min-05dab1e7174ef3cb7c002a1ae16cb972.waypoi]
[cdn-lddoh.nitrocdn.com/mzwcbgWUUJeAuIQYlKRVpwFNsnSUSBWn/assets/static/optimized/rev-3f44323/wisdmlabs.com/wp-content/plugins/elementor/assets/js/nitro-min-34a7bda437a8425fc70cf94c6ba4eca9.frontend-modules]
[cdn-lddoh.nitrocdn.com/mzwcbgWUUJeAuIQYlKRVpwFNsnSUSBWn/assets/static/optimized/rev-3f44323/wisdmlabs.com/wp-content/plugins/elementor-pro/assets/js/nitro-min-34a7bda437a8425fc70cf94c6ba4eca9.elements-hand]
[cdn-lddoh.nitrocdn.com/mzwcbgWUUJeAuIQYlKRVpwFNsnSUSBWn/assets/static/optimized/rev-3f44323/wisdmlabs.com/wp-content/plugins/elementor/assets/js/nitro-min-34a7bda437a8425fc70cf94c6ba4eca9.frontend.min.3b.d]
[cdn-lddoh.nitrocdn.com/mzwcbgWUUJeAuIQYlKRVpwFNsnSUSBWn/assets/static/optimized/rev-3f44323/wisdmlabs.com/wp-content/plugins/elementor-pro/assets/lib/sticky/nitro-min-34a7bda437a8425fc70cf94c6ba4eca9.jquer]
[cdn-lddoh.nitrocdn.com/mzwcbgWUUJeAuIQYlKRVpwFNsnSUSBWn/assets/images/optimized/rev-63d1dc1/wisdmlabs.com/wp-content/plugins/wdm-course-review/includes/star-rating-lib/img/loading.gif]
[cdn-lddoh.nitrocdn.com/mzwcbgWUUJeAuIQYlKRVpwFNsnSUSBWn/assets/static/optimized/rev-3f44323/wisdmlabs.com/combinedCss/nitro-min-noimport-70b9d2e3d8bc0873b605e7e9f41416e4-stylesheet.css]
[cdn-lddoh.nitrocdn.com/mzwcbgWUUJeAuIQYlKRVpwFNsnSUSBWn/assets/images/optimized/rev-63d1dc1/wisdmlabs.com/wp-content/plugins/country-phone-field-contact-form-7/assets/img/flags.png]
[cdn-lddoh.nitrocdn.com/mzwcbgWUUJeAuIQYlKRVpwFNsnSUSBWn/assets/images/optimized/rev-63d1dc1/wisdmlabs.com/wp-content/plugins/country-phone-field-contact-form-7/assets/img/flags@2x.png]
[cdn-lddoh.nitrocdn.com/mzwcbgWUUJeAuIQYlKRVpwFNsnSUSBWn/assets/images/optimized/rev-63d1dc1/wisdmlabs.com/wp-content/uploads/2023/12/Tap-in-to-1.png]
[cdn-lddoh.nitrocdn.com/mzwcbgWUUJeAuIQYlKRVpwFNsnSUSBWn/assets/images/optimized/rev-63d1dc1/wisdmlabs.com/wp-content/uploads/2024/05/Bg-perk-sec.png]
[cdn-lddoh.nitrocdn.com/mzwcbgWUUJeAuIQYlKRVpwFNsnSUSBWn/assets/images/optimized/rev-63d1dc1/wisdmlabs.com/wp-content/uploads/2024/04/Wc-Screen-2.png]
[cdn-lddoh.nitrocdn.com/mzwcbgWUUJeAuIQYlKRVpwFNsnSUSBWn/assets/images/optimized/rev-63d1dc1/wisdmlabs.com/wp-content/uploads/2024/04/Ld-Screen-1.png]
[cdn-lddoh.nitrocdn.com/mzwcbgWUUJeAuIQYlKRVpwFNsnSUSBWn/assets/images/optimized/rev-63d1dc1/wisdmlabs.com/wp-content/uploads/2024/04/Ld-Screen-5.png]
[cdn-lddoh.nitrocdn.com/mzwcbgWUUJeAuIQYlKRVpwFNsnSUSBWn/assets/images/optimized/rev-63d1dc1/wisdmlabs.com/wp-content/uploads/2024/04/Wc-Screen-6.png]
[cdn-lddoh.nitrocdn.com/mzwcbgWUUJeAuIQYlKRVpwFNsnSUSBWn/assets/images/optimized/rev-63d1dc1/wisdmlabs.com/wp-content/uploads/2024/04/Ld-Screen-7.png]
[cdn-lddoh.nitrocdn.com/mzwcbgWUUJeAuIQYlKRVpwFNsnSUSBWn/assets/images/optimized/rev-63d1dc1/wisdmlabs.com/wp-content/uploads/2024/04/Wc-Screen-3.png]
[cdn-lddoh.nitrocdn.com/mzwcbgWUUJeAuIQYlKRVpwFNsnSUSBWn/assets/images/optimized/rev-63d1dc1/wisdmlabs.com/wp-content/uploads/2024/04/Ld-Screen-3.png]
[cdn-lddoh.nitrocdn.com/mzwcbgWUUJeAuIQYlKRVpwFNsnSUSBWn/assets/images/optimized/rev-63d1dc1/wisdmlabs.com/wp-content/uploads/2024/04/Wc-Screen-5.png]
[cdn-lddoh.nitrocdn.com/mzwcbgWUUJeAuIQYlKRVpwFNsnSUSBWn/assets/images/optimized/rev-63d1dc1/wisdmlabs.com/wp-content/uploads/2023/12/Faq-Pattern-bg-img-1.png]
[cdn-lddoh.nitrocdn.com/mzwcbgWUUJeAuIQYlKRVpwFNsnSUSBWn/assets/images/optimized/rev-63d1dc1/wisdmlabs.com/wp-content/uploads/2024/01/BG-Left.png]
[cdn-lddoh.nitrocdn.com/mzwcbgWUUJeAuIQYlKRVpwFNsnSUSBWn/assets/images/optimized/rev-63d1dc1/wisdmlabs.com/wp-content/uploads/2024/01/BG-Right.png]
[cdn-lddoh.nitrocdn.com/mzwcbgWUUJeAuIQYlKRVpwFNsnSUSBWn/assets/images/optimized/rev-63d1dc1/wisdmlabs.com/wp-content/uploads/2024/04/services-footer-bg-img.png]
[cdn-lddoh.nitrocdn.com/mzwcbgWUUJeAuIQYlKRVpwFNsnSUSBWn/assets/static/optimized/rev-3f44323/wisdmlabs.com/combinedCss/nitro-min-noimport-9277c4e2c8351e4d36db3a60a3e8c24b-stylesheet.css]
[cdn-lddoh.nitrocdn.com/mzwcbgWUUJeAuIQYlKRVpwFNsnSUSBWn/assets/static/optimized/rev-3f44323/wisdmlabs.com/combinedCss/nitro-min-noimport-8a5e3eee36f6991f0ef574c2b9b45fa9-stylesheet.css]
[cdn-lddoh.nitrocdn.com/mzwcbgWUUJeAuIQYlKRVpwFNsnSUSBWn/assets/static/optimized/rev-3f44323/wisdmlabs.com/combinedCss/nitro-min-noimport-43911d4d8d93b3219db4cc9523bf6216-stylesheet.css]
[cdn-lddoh.nitrocdn.com/mzwcbgWUUJeAuIQYlKRVpwFNsnSUSBWn/assets/static/optimized/rev-3f44323/wisdmlabs.com/combinedCss/nitro-min-noimport-4e66ac83546a52b7c7573802c4608e0a-stylesheet.css]
[cdn-lddoh.nitrocdn.com/mzwcbgWUUJeAuIQYlKRVpwFNsnSUSBWn/assets/static/optimized/rev-3f44323/wisdmlabs.com/combinedCss/nitro-min-noimport-561265e4be34f3d91127f3874ca79999-stylesheet.css]
[cdn-lddoh.nitrocdn.com/mzwcbgWUUJeAuIQYlKRVpwFNsnSUSBWn/assets/static/optimized/rev-3f44323/wisdmlabs.com/combinedCss/nitro-min-noimport-f2e5f225618d58bb227f5632f7d118bf-stylesheet.css]
[cdn-lddoh.nitrocdn.com/mzwcbgWUUJeAuIQYlKRVpwFNsnSUSBWn/assets/static/optimized/rev-3f44323/wisdmlabs.com/combinedCss/nitro-min-noimport-a2c87e7690435307b5fc0f4ecaf9b2c3-stylesheet.css]
